[13:55:03] 
==================================================
[13:55:03] START SCAN | 2026-08-22 13:55:03
[13:55:03] ==================================================
[13:55:03] Starting scan: NIFTY 50 (50 stocks)
[13:55:03] Timeframe: Weekly | Period: 1y | Filter: All
[13:55:03] FastMA=HMA44 SlowMA=EMA30 RSI=14 Threshold=50.0
[13:55:03] NSEI index loaded (247 bars)
[13:55:03] Batch downloading 50 stocks via yfinance...
[13:55:07] Batch download complete: 50/50 stocks fetched
[13:55:08]   ✓ ASIANPAINT: 58.9/100 (Bull)
[13:55:09]   ✓ BAJFINANCE: 64.5/100 (Bull)
[13:55:10]   ✗ CIPLA: 47.1/100 (Bull)
[13:55:11]   ✓ ICICIBANK: 54.0/100 (Bull)
[13:55:12]   ✗ TATACONSUM: 8.2/100 (Bear)
[13:55:12] 
━━━ Scan Complete ━━━
[13:55:12]   Total stocks:  50
[13:55:12]   Filtered out:  44 (no recent crossover)
[13:55:12]   Passed filter: 6 (5 Bull, 1 Bear)
[13:55:12]   Scored 50.0+: 4
[13:55:12] ==================================================
[13:55:12] END SCAN
[13:55:12] ==================================================
[13:55:21] 
==================================================
[13:55:21] START SCAN | 2026-08-22 13:55:21
[13:55:21] ==================================================
[13:55:21] Starting scan: ALL (Combined) (207 stocks)
[13:55:21] Timeframe: Weekly | Period: 1y | Filter: All
[13:55:21] FastMA=HMA44 SlowMA=EMA30 RSI=14 Threshold=50.0
[13:55:21] NSEI index loaded (247 bars)
[13:55:21] Batch downloading 207 stocks via yfinance...
[13:55:35] Batch download complete: 200/207 stocks fetched
[13:55:36]   ✗ IDFCFIRSTB: 48.1/100 (Bull)
[13:55:37]   ✗ GODREJPROP: 47.8/100 (Bull)
[13:55:37]   ✓ BAJFINANCE: 64.5/100 (Bull)
[13:55:38]   ✓ INDHOTEL: 52.8/100 (Bull)
[13:55:39]   ✗ ALKYLAMINE: 46.7/100 (Bull)
[13:55:44]   ✗ VAIBHAVGBL: 43.9/100 (Bull)
[13:55:51]   ✓ KRBL: 70.7/100 (Bull)
[13:56:00]   ✗ RELAXO: 46.9/100 (Bull)
[13:56:01] 
━━━ Scan Complete ━━━
[13:56:01]   Total stocks:  207
[13:56:01]   Filtered out:  168 (no recent crossover)
[13:56:01]   Passed filter: 32 (31 Bull, 1 Bear)
[13:56:01]   Scored 50.0+: 18
[13:56:01] ==================================================
[13:56:01] END SCAN
[13:56:01] ==================================================
[14:42:11] Theme switched to light
[14:42:17] Theme switched to dark
[14:42:48] 
==================================================
[14:42:48] START SCAN | 2026-08-22 14:42:48
[14:42:48] ==================================================
[14:42:48] Starting scan: FnO STOCKS (110 stocks)
[14:42:48] Timeframe: Weekly | Period: 1y | Filter: All
[14:42:48] FastMA=HMA44 SlowMA=EMA30 RSI=14 Threshold=50.0
[14:42:48] NSEI index loaded (247 bars)
[14:42:48] Batch downloading 110 stocks via yfinance...
[14:42:55] Batch download complete: 108/110 stocks fetched
[14:42:56]   ✓ ASIANPAINT: 58.9/100 (Bull)
[14:42:57]   ✓ BAJFINANCE: 64.5/100 (Bull)
[14:42:58]   ✗ CHAMBLFERT: 21.0/100 (Bull)
[14:42:58]   ✗ CIPLA: 47.1/100 (Bull)
[14:42:59]   ✓ DEEPAKNTR: 54.3/100 (Bull)
[14:43:03]   ✓ ICICIBANK: 54.0/100 (Bull)
[14:43:07] 
━━━ Scan Complete ━━━
[14:43:07]   Total stocks:  110
[14:43:07]   Filtered out:  92 (no recent crossover)
[14:43:07]   Passed filter: 16 (15 Bull, 1 Bear)
[14:43:07]   Scored 50.0+: 10
[14:43:07] ==================================================
[14:43:07] END SCAN
[14:43:07] ==================================================
[14:44:29] 
==================================================
[14:44:29] START SCAN | 2026-08-22 14:44:29
[14:44:29] ==================================================
[14:44:29] Starting scan: NIFTY PHARMA (10 stocks)
[14:44:29] Timeframe: Weekly | Period: 1y | Filter: All
[14:44:29] FastMA=HMA44 SlowMA=EMA30 RSI=14 Threshold=50.0
[14:44:29] NSEI index loaded (247 bars)
[14:44:29] Batch downloading 10 stocks via yfinance...
[14:44:29] Batch download complete: 10/10 stocks fetched
[14:44:31]   ✗ ALKEM: 33.7/100 (Bull)
[14:44:32]   ✗ CIPLA: 47.1/100 (Bull)
[14:44:32] 
━━━ Scan Complete ━━━
[14:44:32]   Total stocks:  10
[14:44:32]   Filtered out:  8 (no recent crossover)
[14:44:32]   Passed filter: 2 (2 Bull, 0 Bear)
[14:44:32]   Scored 50.0+: 0
[14:44:32] ==================================================
[14:44:32] END SCAN
[14:44:32] ==================================================
[14:44:37] 
==================================================
[14:44:37] START SCAN | 2026-08-22 14:44:37
[14:44:37] ==================================================
[14:44:37] Starting scan: NIFTY ENERGY (9 stocks)
[14:44:37] Timeframe: Weekly | Period: 1y | Filter: All
[14:44:37] FastMA=HMA44 SlowMA=EMA30 RSI=14 Threshold=50.0
[14:44:37] NSEI index loaded (247 bars)
[14:44:37] Batch downloading 9 stocks via yfinance...
[14:44:37] Batch download complete: 9/9 stocks fetched
[14:44:39]   ✓ GAIL: 53.8/100 (Bull)
[14:44:39] 
━━━ Scan Complete ━━━
[14:44:39]   Total stocks:  9
[14:44:39]   Filtered out:  8 (no recent crossover)
[14:44:39]   Passed filter: 1 (1 Bull, 0 Bear)
[14:44:39]   Scored 50.0+: 1
[14:44:39] ==================================================
[14:44:39] END SCAN
[14:44:39] ==================================================
[14:45:03] 
==================================================
[14:45:03] START SCAN | 2026-08-22 14:45:03
[14:45:03] ==================================================
[14:45:03] Starting scan: NIFTY FINANCIAL (12 stocks)
[14:45:03] Timeframe: Weekly | Period: 1y | Filter: All
[14:45:03] FastMA=HMA44 SlowMA=EMA30 RSI=14 Threshold=50.0
[14:45:03] NSEI index loaded (247 bars)
[14:45:03] Batch downloading 12 stocks via yfinance...
[14:45:04] Batch download complete: 12/12 stocks fetched
[14:45:05]   ✓ BAJFINANCE: 64.5/100 (Bull)
[14:45:06]   ✓ ICICIBANK: 54.0/100 (Bull)
[14:45:06] 
━━━ Scan Complete ━━━
[14:45:06]   Total stocks:  12
[14:45:06]   Filtered out:  10 (no recent crossover)
[14:45:06]   Passed filter: 2 (2 Bull, 0 Bear)
[14:45:06]   Scored 50.0+: 2
[14:45:06] ==================================================
[14:45:06] END SCAN
[14:45:06] ==================================================
[14:45:28] 
==================================================
[14:45:28] START SCAN | 2026-08-22 14:45:28
[14:45:28] ==================================================
[14:45:28] Starting scan: ALL (Combined) (207 stocks)
[14:45:28] Timeframe: Weekly | Period: 1y | Filter: All
[14:45:28] FastMA=HMA44 SlowMA=EMA30 RSI=14 Threshold=50.0
[14:45:28] NSEI index loaded (247 bars)
[14:45:28] Batch downloading 207 stocks via yfinance...
[14:45:39] Batch download complete: 200/207 stocks fetched
[14:45:40]   ✗ RELAXO: 46.9/100 (Bull)
[14:45:41]   ✗ HAL: 45.9/100 (Bull)
[14:45:41]   ✓ MOTILALOFS: 74.0/100 (Bull)
[14:45:42]   ✗ CHAMBLFERT: 21.0/100 (Bull)
[14:45:43]   ✗ IDFCFIRSTB: 48.1/100 (Bull)
[14:45:46]   ✗ ALKEM: 33.7/100 (Bull)
[14:45:52]   ✓ CANFINHOME: 60.7/100 (Bull)
[14:45:58]   ✗ RECLTD: 26.9/100 (Bull)
[14:45:59] 
━━━ Scan Complete ━━━
[14:45:59]   Total stocks:  207
[14:45:59]   Filtered out:  168 (no recent crossover)
[14:45:59]   Passed filter: 32 (31 Bull, 1 Bear)
[14:45:59]   Scored 50.0+: 18
[14:45:59] ==================================================
[14:45:59] END SCAN
[14:45:59] ==================================================
[14:46:43] Fetching news sentiment for exported stocks...
[14:46:50] HTML report saved: scanner_report_20260822_144650.html
[16:59:22] 
==================================================
[16:59:22] START SCAN | 2026-08-22 16:59:22
[16:59:22] ==================================================
[16:59:22] Starting scan: ALL (Combined) (207 stocks)
[16:59:22] Timeframe: Weekly | Period: 1y | Filter: All
[16:59:22] FastMA=HMA44 SlowMA=EMA30 RSI=14 Threshold=50.0
[16:59:22] NSEI index loaded (247 bars)
[16:59:22] Batch downloading 207 stocks via yfinance...
[16:59:34] Batch download complete: 200/207 stocks fetched
[16:59:35]   ✓ ZEEL: 52.1/100 (Bull)
[16:59:36]   ✗ IDFCFIRSTB: 48.1/100 (Bull)
[16:59:37]   ✓ DEEPAKNTR: 54.3/100 (Bull)
[16:59:37]   ✓ ICICIBANK: 54.0/100 (Bull)
[16:59:38]   ✓ SUDARSCHEM: 65.2/100 (Bull)
[16:59:42]   ✓ CENTURYPLY: 52.1/100 (Bull)
[16:59:49]   ✗ RELAXO: 46.9/100 (Bull)
[16:59:57]   ✗ TATACONSUM: 8.2/100 (Bear)
[16:59:59] 
━━━ Scan Complete ━━━
[16:59:59]   Total stocks:  207
[16:59:59]   Filtered out:  168 (no recent crossover)
[16:59:59]   Passed filter: 32 (31 Bull, 1 Bear)
[16:59:59]   Scored 50.0+: 18
[16:59:59] ==================================================
[16:59:59] END SCAN
[16:59:59] ==================================================
